Device service fixtures: UTC
✔ OS create then failed readback recovers without creating twice (7.142666ms)
✔ lost OS ID reconciles by exact operation marker, never title (1.407792ms)
✔ unknown create outcome is review-only, never blindly recreated (1.648209ms)
✔ empty read window and disconnect retain exact ownership (2.113083ms)
✔ remote plan change needs review and never changes OS event without confirmation (1.6865ms)
✔ retry refuses changed confirmed snapshot and externally edited event (3.759583ms)
✔ delete ACK loss is idempotent only after explicit delete_started (2.540375ms)
✔ independent web storage wrappers lock the whole latest-read/update transaction (3.39925ms)
✔ another web context cannot read partial bucket/metadata writes while owner holds lock (1.337333ms)
✔ next web context recovers interrupted journal before merging its own mutation (0.665833ms)
✔ browser without origin lock fails closed before reading, replaying or mutating storage (0.116334ms)
✔ lock request failure is not silently downgraded to unsafe in-process writes (0.09225ms)
✔ overlapping generic sleep, stages and sources produce one derived interval with lineage (12.430833ms)
✔ sleep gaps remain gaps and duplicates never double duration (0.270375ms)
✔ event offset controls calendar date, not UTC date or current phone zone (0.116875ms)
✔ invalid offsets and empty sleep intervals fail closed (0.058875ms)
✔ same external ID can retain both SDNN and RMSSD without collision (0.279375ms)
✔ legacy HRV identity is retained on reread instead of adding another sample (0.182917ms)
✔ corrections retain first import time and stale rereads cannot reverse them (0.128042ms)
✔ timezone metadata correction is not silently discarded as unchanged (0.114292ms)
✔ incomplete metric rows do not replace previous data or advance its checkpoint (1.951917ms)
✔ empty reads preserve records because permission loss is not a deletion feed (3.175417ms)
✔ foreign completed metrics cannot advance another metric checkpoint (1.696125ms)
✔ unrequested observation data is rejected before checkpoint commit (1.937333ms)
✔ not-requested permission cannot create a connected source (0.324375ms)
✔ invalid and future checkpoints fall back to bounded seven-day reread (0.753291ms)
✔ failed storage commit leaves checkpoint retryable (1.611833ms)
✔ Android page failure rolls back the entire metric batch (0.878542ms)
✔ Android repeated page token terminates and cannot advance checkpoint (0.159875ms)
✔ Android missing source ID is an incomplete read, not silent success (0.129833ms)
✔ Android overlapping stage IDs retain longest explicit interval; awake is excluded (0.28175ms)
✔ iOS invalid sample rejects the batch instead of skipping it and advancing (0.474667ms)
✔ calendar ownership key alone is not enough to forge a local event mapping (1.503709ms)
✔ stale calendar confirmation cannot delete a subsequently edited event (1.907416ms)
✔ calendar source mapping stays local without fabricated provider IDs (1.057125ms)
✔ calendar persists intent before any OS write and recovers it after storage failure (0.9845ms)
✔ calendar recognizes a recovered successful commit without deleting its OS event (2.676875ms)
✔ calendar refuses to fabricate a missing OS event ID (0.628375ms)
✔ calendar sync cannot overwrite an event created while read was pending (1.334625ms)
✔ calendar read started during an OS write cannot overwrite its later local commit (0.77975ms)
✔ free calendar events do not block capacity; unknown remains conservative (0.125209ms)
✔ concurrent explicit exports reuse one source event (1.364375ms)
✔ native calendar refuses changed source calendar and recurring-series mutations (0.507125ms)
✔ deleted or disabled targets cannot retain snoozes or accept stale actions (0.153541ms)
✔ shortcut intents remain separate from reminder kinds and OS notification payloads (0.052709ms)
✔ invalid daily time cannot crash planning, disabled skill category suppresses reminders (0.039958ms)
✔ notification ID is persisted before scheduling and remains retryable on failure (0.50175ms)
✔ session invalidation during OS scheduling cancels the late notification (0.264834ms)
✔ stale queued plans never touch the OS (0.032ms)
✔ session observer invalidates signout and account switches but not token refresh (0.056542ms)
✔ existing persisted owner seeds cold-start signout reconciliation (0.021416ms)
✔ signout disables reminders, clears snoozes and queued intents, cancels persisted IDs (0.579792ms)
✔ signout cancellation failure keeps IDs but disables delivery for retry (0.406792ms)
✔ native notification content never forwards private title or body (0.456833ms)
✔ OS reconciliation cancels orphan owned reminders only (0.12975ms)
✔ late cold-start response cannot deliver after unsubscribe (0.172042ms)
✔ native duplicate response is not replayed when the subscription is recreated (0.124833ms)
✔ explicit provider deletion removes only matching platform/metric/parent and records durable deletion (12.17975ms)
✔ explicit source update replaces removed child samples without deleting another parent (0.4035ms)
✔ legacy child matching uses exact parent and ISO suffix, not a broad prefix (0.174708ms)
✔ older provider modification cannot replace a newer complete parent (0.163ms)
✔ replayed explicit deletion remains idempotent (0.445209ms)
✔ complete empty change page preserves observations and advances only its cursor (4.583292ms)
✔ explicit deletion and cursor survive repository restart together (1.479292ms)
✔ revoked/failed read cannot delete data or replace the last successful token (1.035875ms)
✔ successful first page remains resumable if the next page fails (0.627208ms)
✔ repeated token with changes fails closed before applying duplicate or ambiguous changes (0.521292ms)
✔ disconnect invalidates an in-flight deletion page and its cursor (0.9115ms)
✔ bounded change pages persist progress and report unfinished work (2.5135ms)
✔ foreign metric/source changes cannot acquire a valid checkpoint (0.806542ms)
✔ explicit resync rejects foreign source changes and never accepts snapshot deletions (1.801208ms)
✔ concurrent cursor advancement invalidates a stale resync snapshot (2.267375ms)
✔ legacy device state reads without migration writes and keeps optional fields absent (0.097875ms)
✔ crash at every transaction write recovers source rows, tombstones and cursor atomically (1.406666ms)
✔ repository reads wait behind writes across instances sharing one storage (0.525875ms)
✔ corrupt recovery journal never overwrites valid metadata (0.212625ms)
✔ Android bootstrap reserves changes before snapshot and catches deletion during snapshot (1.383459ms)
✔ Android expired token bootstraps without inferring old source deletions and reports history gap (0.6595ms)
✔ Android revoked permission does not query the change feed (0.136584ms)
✔ Android malformed changes cannot advance a token (0.112916ms)
✔ Android failed recovery snapshot keeps expired checkpoint retryable (0.129084ms)
✔ Android source parent and actual provider revision survive normalization (0.143584ms)
✔ HealthKit anchored query preserves its original predicate and explicit deleted UUID (0.374792ms)
✔ HealthKit anchor/read failure retains all data and does not mint a replacement cursor (0.109625ms)
✔ foreground replan after an earlier block starts includes only the remaining future block (14.247625ms)
✔ stale queued expired request is cancelled without blocking a later reminder (2.408542ms)
✔ deadline crossing during permission read does not schedule expired notification or abort future one (0.74475ms)
✔ deadline crossing during old OS schedule cancellation cannot recreate the expired request (0.9085ms)
✔ one real schedule error remains visible but cannot prevent later future requests (0.630125ms)
✔ failed expired cancellation retains retry ID and still schedules future reminders (0.527958ms)
✔ notification planner derives future follow-up from real execution without reopening owner sheet (1.154959ms)
✔ legacy apply-timed plan without actual execution cannot schedule or accept actions (0.306667ms)
✔ corrected execution moves both base reminder and snooze past the new horizon (5.884375ms)
✔ deleted, ambiguous and unrelated execution invalidate scheduled and snoozed follow-ups (0.216792ms)
✔ revalidated due target accepts action even when stored plan was absent (0.096917ms)
✔ closed and synthetic episodes cannot retain otherwise matching legacy reminders (0.073542ms)
✔ execution-derived horizon still goes through device local quiet-hour normalization (0.107833ms)
✔ reconciliation cancels existing legacy follow-up after execution invalidation (3.782792ms)
✔ quiet settings absent or equal endpoints are disabled (1.968625ms)
✔ invalid and fractional quiet minutes fail closed (0.192583ms)
✔ overnight reminder is deferred to next local day, not UTC arithmetic (0.173125ms)
✔ after-midnight reminder defers within the same local day (0.121875ms)
✔ quiet start is inclusive and end is exclusive (0.150125ms)
✔ same-day quiet window defers exactly to its end (0.13775ms)
✔ quiet scheduled-block start is suppressed rather than delivered late (0.097167ms)
✔ daily reminder adjusts both occurrence and native repeating trigger (0.607875ms)
✔ planner applies quiet hours to skills and snoozes through the same policy (6.826541ms)
✔ DST transition uses local quiet endpoint (0.183083ms)
✔ quiet endpoint in repeated DST hour never moves a notification into the past (0.063583ms)
✔ corrupt snooze time cannot block valid reminders during reconciliation (0.078208ms)
✔ pending and retry drafts cannot silently change the immutable submitted fields (0.832291ms)
✔ deleting 30 minutes retains the manual 10-hour baseline and earlier XP (0.11775ms)
✔ unapplied and unrelated logs never change skill values (0.0465ms)
✔ explicit minute contribution wins over duration and capture cascade subtracts once per removed record (0.0485ms)
✔ frequency preserves an existing count and money preserves an additive baseline (0.080042ms)
✔ legacy target_value cannot invent a missing reversible baseline (0.043167ms)
✔ legacy quality_score cannot invent a missing reversible baseline (0.045584ms)
✔ legacy state_based cannot invent a missing reversible baseline (0.037ms)
✔ legacy performance_log cannot invent a missing reversible baseline (0.044625ms)
✔ legacy binary cannot invent a missing reversible baseline (0.070167ms)
✔ legacy checklist cannot invent a missing reversible baseline (0.046958ms)
✔ legacy curriculum cannot invent a missing reversible baseline (0.031666ms)
✔ legacy qualitative cannot invent a missing reversible baseline (0.022917ms)
✔ legacy none cannot invent a missing reversible baseline (0.287667ms)
✔ absolute money updates are not mistaken for additive contributions (0.148542ms)
✔ source switching cannot retain hidden schedule or skill associations (0.424ms)
✔ timer provenance retains cross-midnight actual timestamps, not scheduled endpoints (11.994875ms)
✔ form ACK waits for persistence and concurrent submissions share one write (0.117209ms)
✔ failure remains retryable and uses the original pending write, not a second payload (0.20975ms)
✔ real Home submit awaits durable ACK before clearing the timer or closing (0.506375ms)
ℹ tests 130
ℹ suites 0
ℹ pass 130
ℹ fail 0
ℹ cancelled 0
ℹ skipped 0
ℹ todo 0
ℹ duration_ms 95.431083
Device service fixtures: Asia/Shanghai
✔ OS create then failed readback recovers without creating twice (6.325333ms)
✔ lost OS ID reconciles by exact operation marker, never title (1.301125ms)
✔ unknown create outcome is review-only, never blindly recreated (3.959166ms)
✔ empty read window and disconnect retain exact ownership (3.010166ms)
✔ remote plan change needs review and never changes OS event without confirmation (1.748833ms)
✔ retry refuses changed confirmed snapshot and externally edited event (3.766959ms)
✔ delete ACK loss is idempotent only after explicit delete_started (2.612709ms)
✔ independent web storage wrappers lock the whole latest-read/update transaction (2.6215ms)
✔ another web context cannot read partial bucket/metadata writes while owner holds lock (1.4435ms)
✔ next web context recovers interrupted journal before merging its own mutation (1.362917ms)
✔ browser without origin lock fails closed before reading, replaying or mutating storage (0.22125ms)
✔ lock request failure is not silently downgraded to unsafe in-process writes (0.171917ms)
✔ overlapping generic sleep, stages and sources produce one derived interval with lineage (13.8135ms)
✔ sleep gaps remain gaps and duplicates never double duration (0.259459ms)
✔ event offset controls calendar date, not UTC date or current phone zone (0.119ms)
✔ invalid offsets and empty sleep intervals fail closed (0.06ms)
✔ same external ID can retain both SDNN and RMSSD without collision (0.26625ms)
✔ legacy HRV identity is retained on reread instead of adding another sample (0.182291ms)
✔ corrections retain first import time and stale rereads cannot reverse them (0.149959ms)
✔ timezone metadata correction is not silently discarded as unchanged (0.120417ms)
✔ incomplete metric rows do not replace previous data or advance its checkpoint (1.895916ms)
✔ empty reads preserve records because permission loss is not a deletion feed (1.326ms)
✔ foreign completed metrics cannot advance another metric checkpoint (0.606625ms)
✔ unrequested observation data is rejected before checkpoint commit (0.611458ms)
✔ not-requested permission cannot create a connected source (0.671708ms)
✔ invalid and future checkpoints fall back to bounded seven-day reread (0.635875ms)
✔ failed storage commit leaves checkpoint retryable (1.758917ms)
✔ Android page failure rolls back the entire metric batch (0.93ms)
✔ Android repeated page token terminates and cannot advance checkpoint (0.147292ms)
✔ Android missing source ID is an incomplete read, not silent success (0.14175ms)
✔ Android overlapping stage IDs retain longest explicit interval; awake is excluded (0.286083ms)
✔ iOS invalid sample rejects the batch instead of skipping it and advancing (0.464542ms)
✔ calendar ownership key alone is not enough to forge a local event mapping (1.443375ms)
✔ stale calendar confirmation cannot delete a subsequently edited event (1.565083ms)
✔ calendar source mapping stays local without fabricated provider IDs (0.819291ms)
✔ calendar persists intent before any OS write and recovers it after storage failure (0.873333ms)
✔ calendar recognizes a recovered successful commit without deleting its OS event (2.1905ms)
✔ calendar refuses to fabricate a missing OS event ID (0.556208ms)
✔ calendar sync cannot overwrite an event created while read was pending (1.127167ms)
✔ calendar read started during an OS write cannot overwrite its later local commit (0.718625ms)
✔ free calendar events do not block capacity; unknown remains conservative (0.108042ms)
✔ concurrent explicit exports reuse one source event (1.303833ms)
✔ native calendar refuses changed source calendar and recurring-series mutations (0.454792ms)
✔ deleted or disabled targets cannot retain snoozes or accept stale actions (0.151333ms)
✔ shortcut intents remain separate from reminder kinds and OS notification payloads (0.051375ms)
✔ invalid daily time cannot crash planning, disabled skill category suppresses reminders (0.037125ms)
✔ notification ID is persisted before scheduling and remains retryable on failure (0.492292ms)
✔ session invalidation during OS scheduling cancels the late notification (0.257708ms)
✔ stale queued plans never touch the OS (0.032333ms)
✔ session observer invalidates signout and account switches but not token refresh (0.041ms)
✔ existing persisted owner seeds cold-start signout reconciliation (0.018ms)
✔ signout disables reminders, clears snoozes and queued intents, cancels persisted IDs (0.9385ms)
✔ signout cancellation failure keeps IDs but disables delivery for retry (0.504667ms)
✔ native notification content never forwards private title or body (0.603375ms)
✔ OS reconciliation cancels orphan owned reminders only (0.145166ms)
✔ late cold-start response cannot deliver after unsubscribe (0.168125ms)
✔ native duplicate response is not replayed when the subscription is recreated (0.143291ms)
✔ explicit provider deletion removes only matching platform/metric/parent and records durable deletion (19.5985ms)
✔ explicit source update replaces removed child samples without deleting another parent (0.713542ms)
✔ legacy child matching uses exact parent and ISO suffix, not a broad prefix (0.344375ms)
✔ older provider modification cannot replace a newer complete parent (0.406375ms)
✔ replayed explicit deletion remains idempotent (0.539625ms)
✔ complete empty change page preserves observations and advances only its cursor (3.554625ms)
✔ explicit deletion and cursor survive repository restart together (0.872833ms)
✔ revoked/failed read cannot delete data or replace the last successful token (0.938042ms)
✔ successful first page remains resumable if the next page fails (0.6355ms)
✔ repeated token with changes fails closed before applying duplicate or ambiguous changes (0.517208ms)
✔ disconnect invalidates an in-flight deletion page and its cursor (1.035333ms)
✔ bounded change pages persist progress and report unfinished work (2.643875ms)
✔ foreign metric/source changes cannot acquire a valid checkpoint (1.181834ms)
✔ explicit resync rejects foreign source changes and never accepts snapshot deletions (1.362958ms)
✔ concurrent cursor advancement invalidates a stale resync snapshot (2.179834ms)
✔ legacy device state reads without migration writes and keeps optional fields absent (0.106917ms)
✔ crash at every transaction write recovers source rows, tombstones and cursor atomically (1.432083ms)
✔ repository reads wait behind writes across instances sharing one storage (0.505709ms)
✔ corrupt recovery journal never overwrites valid metadata (0.252584ms)
✔ Android bootstrap reserves changes before snapshot and catches deletion during snapshot (1.535083ms)
✔ Android expired token bootstraps without inferring old source deletions and reports history gap (0.66175ms)
✔ Android revoked permission does not query the change feed (0.140791ms)
✔ Android malformed changes cannot advance a token (0.115291ms)
✔ Android failed recovery snapshot keeps expired checkpoint retryable (0.125166ms)
✔ Android source parent and actual provider revision survive normalization (0.146292ms)
✔ HealthKit anchored query preserves its original predicate and explicit deleted UUID (0.393834ms)
✔ HealthKit anchor/read failure retains all data and does not mint a replacement cursor (0.517541ms)
✔ foreground replan after an earlier block starts includes only the remaining future block (11.698917ms)
✔ stale queued expired request is cancelled without blocking a later reminder (3.053875ms)
✔ deadline crossing during permission read does not schedule expired notification or abort future one (0.732667ms)
✔ deadline crossing during old OS schedule cancellation cannot recreate the expired request (0.915333ms)
✔ one real schedule error remains visible but cannot prevent later future requests (0.650792ms)
✔ failed expired cancellation retains retry ID and still schedules future reminders (0.545959ms)
✔ notification planner derives future follow-up from real execution without reopening owner sheet (2.067ms)
✔ legacy apply-timed plan without actual execution cannot schedule or accept actions (0.329333ms)
✔ corrected execution moves both base reminder and snooze past the new horizon (7.786042ms)
✔ deleted, ambiguous and unrelated execution invalidate scheduled and snoozed follow-ups (0.437834ms)
✔ revalidated due target accepts action even when stored plan was absent (0.205208ms)
✔ closed and synthetic episodes cannot retain otherwise matching legacy reminders (0.167375ms)
✔ execution-derived horizon still goes through device local quiet-hour normalization (0.223458ms)
✔ reconciliation cancels existing legacy follow-up after execution invalidation (4.133917ms)
✔ quiet settings absent or equal endpoints are disabled (1.774708ms)
✔ invalid and fractional quiet minutes fail closed (0.181667ms)
✔ overnight reminder is deferred to next local day, not UTC arithmetic (0.155708ms)
✔ after-midnight reminder defers within the same local day (0.1105ms)
✔ quiet start is inclusive and end is exclusive (0.142583ms)
✔ same-day quiet window defers exactly to its end (0.113833ms)
✔ quiet scheduled-block start is suppressed rather than delivered late (0.089458ms)
✔ daily reminder adjusts both occurrence and native repeating trigger (0.689583ms)
✔ planner applies quiet hours to skills and snoozes through the same policy (7.78575ms)
✔ DST transition uses local quiet endpoint (0.3315ms)
✔ quiet endpoint in repeated DST hour never moves a notification into the past (0.12625ms)
✔ corrupt snooze time cannot block valid reminders during reconciliation (0.151042ms)
✔ pending and retry drafts cannot silently change the immutable submitted fields (1.367ms)
✔ deleting 30 minutes retains the manual 10-hour baseline and earlier XP (0.320834ms)
✔ unapplied and unrelated logs never change skill values (0.214791ms)
✔ explicit minute contribution wins over duration and capture cascade subtracts once per removed record (0.193375ms)
✔ frequency preserves an existing count and money preserves an additive baseline (0.213041ms)
✔ legacy target_value cannot invent a missing reversible baseline (0.100584ms)
✔ legacy quality_score cannot invent a missing reversible baseline (0.069ms)
✔ legacy state_based cannot invent a missing reversible baseline (0.09975ms)
✔ legacy performance_log cannot invent a missing reversible baseline (0.099166ms)
✔ legacy binary cannot invent a missing reversible baseline (0.1415ms)
✔ legacy checklist cannot invent a missing reversible baseline (0.096209ms)
✔ legacy curriculum cannot invent a missing reversible baseline (0.06475ms)
✔ legacy qualitative cannot invent a missing reversible baseline (0.056709ms)
✔ legacy none cannot invent a missing reversible baseline (0.047625ms)
✔ absolute money updates are not mistaken for additive contributions (0.103875ms)
✔ source switching cannot retain hidden schedule or skill associations (0.745417ms)
✔ timer provenance retains cross-midnight actual timestamps, not scheduled endpoints (9.744041ms)
✔ form ACK waits for persistence and concurrent submissions share one write (0.124833ms)
✔ failure remains retryable and uses the original pending write, not a second payload (0.21625ms)
✔ real Home submit awaits durable ACK before clearing the timer or closing (0.483791ms)
ℹ tests 130
ℹ suites 0
ℹ pass 130
ℹ fail 0
ℹ cancelled 0
ℹ skipped 0
ℹ todo 0
ℹ duration_ms 100.40775
Device service fixtures: America/New_York
✔ OS create then failed readback recovers without creating twice (10.22575ms)
✔ lost OS ID reconciles by exact operation marker, never title (3.529542ms)
✔ unknown create outcome is review-only, never blindly recreated (2.38725ms)
✔ empty read window and disconnect retain exact ownership (2.054667ms)
✔ remote plan change needs review and never changes OS event without confirmation (2.036209ms)
✔ retry refuses changed confirmed snapshot and externally edited event (5.08775ms)
✔ delete ACK loss is idempotent only after explicit delete_started (2.378834ms)
✔ independent web storage wrappers lock the whole latest-read/update transaction (2.308667ms)
✔ another web context cannot read partial bucket/metadata writes while owner holds lock (0.700166ms)
✔ next web context recovers interrupted journal before merging its own mutation (0.590083ms)
✔ browser without origin lock fails closed before reading, replaying or mutating storage (0.095ms)
✔ lock request failure is not silently downgraded to unsafe in-process writes (0.089667ms)
✔ overlapping generic sleep, stages and sources produce one derived interval with lineage (11.55525ms)
✔ sleep gaps remain gaps and duplicates never double duration (0.277209ms)
✔ event offset controls calendar date, not UTC date or current phone zone (0.12175ms)
✔ invalid offsets and empty sleep intervals fail closed (0.060333ms)
✔ same external ID can retain both SDNN and RMSSD without collision (0.283209ms)
✔ legacy HRV identity is retained on reread instead of adding another sample (0.192958ms)
✔ corrections retain first import time and stale rereads cannot reverse them (0.135791ms)
✔ timezone metadata correction is not silently discarded as unchanged (0.11475ms)
✔ incomplete metric rows do not replace previous data or advance its checkpoint (1.983792ms)
✔ empty reads preserve records because permission loss is not a deletion feed (2.384042ms)
✔ foreign completed metrics cannot advance another metric checkpoint (1.194166ms)
✔ unrequested observation data is rejected before checkpoint commit (1.158625ms)
✔ not-requested permission cannot create a connected source (0.269541ms)
✔ invalid and future checkpoints fall back to bounded seven-day reread (0.695167ms)
✔ failed storage commit leaves checkpoint retryable (1.531084ms)
✔ Android page failure rolls back the entire metric batch (0.929375ms)
✔ Android repeated page token terminates and cannot advance checkpoint (0.163208ms)
✔ Android missing source ID is an incomplete read, not silent success (0.140417ms)
✔ Android overlapping stage IDs retain longest explicit interval; awake is excluded (0.282709ms)
✔ iOS invalid sample rejects the batch instead of skipping it and advancing (0.479792ms)
✔ calendar ownership key alone is not enough to forge a local event mapping (1.533125ms)
✔ stale calendar confirmation cannot delete a subsequently edited event (1.808667ms)
✔ calendar source mapping stays local without fabricated provider IDs (0.896834ms)
✔ calendar persists intent before any OS write and recovers it after storage failure (0.909125ms)
✔ calendar recognizes a recovered successful commit without deleting its OS event (2.314375ms)
✔ calendar refuses to fabricate a missing OS event ID (0.568ms)
✔ calendar sync cannot overwrite an event created while read was pending (1.174292ms)
✔ calendar read started during an OS write cannot overwrite its later local commit (1.114417ms)
✔ free calendar events do not block capacity; unknown remains conservative (0.148083ms)
✔ concurrent explicit exports reuse one source event (1.393167ms)
✔ native calendar refuses changed source calendar and recurring-series mutations (0.45725ms)
✔ deleted or disabled targets cannot retain snoozes or accept stale actions (0.153917ms)
✔ shortcut intents remain separate from reminder kinds and OS notification payloads (0.049792ms)
✔ invalid daily time cannot crash planning, disabled skill category suppresses reminders (0.038959ms)
✔ notification ID is persisted before scheduling and remains retryable on failure (0.493166ms)
✔ session invalidation during OS scheduling cancels the late notification (0.257166ms)
✔ stale queued plans never touch the OS (0.033209ms)
✔ session observer invalidates signout and account switches but not token refresh (0.406333ms)
✔ existing persisted owner seeds cold-start signout reconciliation (0.028625ms)
✔ signout disables reminders, clears snoozes and queued intents, cancels persisted IDs (0.607375ms)
✔ signout cancellation failure keeps IDs but disables delivery for retry (0.401125ms)
✔ native notification content never forwards private title or body (0.472667ms)
✔ OS reconciliation cancels orphan owned reminders only (0.136625ms)
✔ late cold-start response cannot deliver after unsubscribe (0.170209ms)
✔ native duplicate response is not replayed when the subscription is recreated (0.118917ms)
✔ explicit provider deletion removes only matching platform/metric/parent and records durable deletion (14.709625ms)
✔ explicit source update replaces removed child samples without deleting another parent (0.353084ms)
✔ legacy child matching uses exact parent and ISO suffix, not a broad prefix (0.158208ms)
✔ older provider modification cannot replace a newer complete parent (0.165333ms)
✔ replayed explicit deletion remains idempotent (0.901208ms)
✔ complete empty change page preserves observations and advances only its cursor (5.396166ms)
✔ explicit deletion and cursor survive repository restart together (2.058583ms)
✔ revoked/failed read cannot delete data or replace the last successful token (2.249083ms)
✔ successful first page remains resumable if the next page fails (1.136709ms)
✔ repeated token with changes fails closed before applying duplicate or ambiguous changes (0.638625ms)
✔ disconnect invalidates an in-flight deletion page and its cursor (1.036042ms)
✔ bounded change pages persist progress and report unfinished work (2.869291ms)
✔ foreign metric/source changes cannot acquire a valid checkpoint (0.911125ms)
✔ explicit resync rejects foreign source changes and never accepts snapshot deletions (1.185958ms)
✔ concurrent cursor advancement invalidates a stale resync snapshot (2.441833ms)
✔ legacy device state reads without migration writes and keeps optional fields absent (0.0925ms)
✔ crash at every transaction write recovers source rows, tombstones and cursor atomically (1.444083ms)
✔ repository reads wait behind writes across instances sharing one storage (0.562958ms)
✔ corrupt recovery journal never overwrites valid metadata (0.211167ms)
✔ Android bootstrap reserves changes before snapshot and catches deletion during snapshot (1.440917ms)
✔ Android expired token bootstraps without inferring old source deletions and reports history gap (0.652875ms)
✔ Android revoked permission does not query the change feed (0.137583ms)
✔ Android malformed changes cannot advance a token (0.107ms)
✔ Android failed recovery snapshot keeps expired checkpoint retryable (0.129542ms)
✔ Android source parent and actual provider revision survive normalization (0.195417ms)
✔ HealthKit anchored query preserves its original predicate and explicit deleted UUID (0.418208ms)
✔ HealthKit anchor/read failure retains all data and does not mint a replacement cursor (0.119625ms)
✔ foreground replan after an earlier block starts includes only the remaining future block (8.125459ms)
✔ stale queued expired request is cancelled without blocking a later reminder (1.844917ms)
✔ deadline crossing during permission read does not schedule expired notification or abort future one (0.691667ms)
✔ deadline crossing during old OS schedule cancellation cannot recreate the expired request (0.88725ms)
✔ one real schedule error remains visible but cannot prevent later future requests (0.619875ms)
✔ failed expired cancellation retains retry ID and still schedules future reminders (0.542292ms)
✔ notification planner derives future follow-up from real execution without reopening owner sheet (1.946ms)
✔ legacy apply-timed plan without actual execution cannot schedule or accept actions (0.345875ms)
✔ corrected execution moves both base reminder and snooze past the new horizon (9.4835ms)
✔ deleted, ambiguous and unrelated execution invalidate scheduled and snoozed follow-ups (0.41275ms)
✔ revalidated due target accepts action even when stored plan was absent (0.190584ms)
✔ closed and synthetic episodes cannot retain otherwise matching legacy reminders (0.1515ms)
✔ execution-derived horizon still goes through device local quiet-hour normalization (0.2315ms)
✔ reconciliation cancels existing legacy follow-up after execution invalidation (5.32525ms)
✔ quiet settings absent or equal endpoints are disabled (0.860125ms)
✔ invalid and fractional quiet minutes fail closed (0.081625ms)
✔ overnight reminder is deferred to next local day, not UTC arithmetic (0.075625ms)
✔ after-midnight reminder defers within the same local day (0.048709ms)
✔ quiet start is inclusive and end is exclusive (0.073583ms)
✔ same-day quiet window defers exactly to its end (0.060541ms)
✔ quiet scheduled-block start is suppressed rather than delivered late (0.041792ms)
✔ daily reminder adjusts both occurrence and native repeating trigger (0.307041ms)
✔ planner applies quiet hours to skills and snoozes through the same policy (6.767167ms)
✔ DST transition uses local quiet endpoint (0.172792ms)
✔ quiet endpoint in repeated DST hour never moves a notification into the past (0.071291ms)
✔ corrupt snooze time cannot block valid reminders during reconciliation (0.07375ms)
✔ pending and retry drafts cannot silently change the immutable submitted fields (1.330541ms)
✔ deleting 30 minutes retains the manual 10-hour baseline and earlier XP (0.292959ms)
✔ unapplied and unrelated logs never change skill values (0.106417ms)
✔ explicit minute contribution wins over duration and capture cascade subtracts once per removed record (0.1195ms)
✔ frequency preserves an existing count and money preserves an additive baseline (0.15475ms)
✔ legacy target_value cannot invent a missing reversible baseline (0.080083ms)
✔ legacy quality_score cannot invent a missing reversible baseline (0.063584ms)
✔ legacy state_based cannot invent a missing reversible baseline (0.060458ms)
✔ legacy performance_log cannot invent a missing reversible baseline (0.074208ms)
✔ legacy binary cannot invent a missing reversible baseline (0.132458ms)
✔ legacy checklist cannot invent a missing reversible baseline (0.091625ms)
✔ legacy curriculum cannot invent a missing reversible baseline (0.059625ms)
✔ legacy qualitative cannot invent a missing reversible baseline (0.045458ms)
✔ legacy none cannot invent a missing reversible baseline (0.045709ms)
✔ absolute money updates are not mistaken for additive contributions (0.098333ms)
✔ source switching cannot retain hidden schedule or skill associations (0.768667ms)
✔ timer provenance retains cross-midnight actual timestamps, not scheduled endpoints (11.566375ms)
✔ form ACK waits for persistence and concurrent submissions share one write (0.271375ms)
✔ failure remains retryable and uses the original pending write, not a second payload (0.297666ms)
✔ real Home submit awaits durable ACK before clearing the timer or closing (0.607375ms)
ℹ tests 130
ℹ suites 0
ℹ pass 130
ℹ fail 0
ℹ cancelled 0
ℹ skipped 0
ℹ todo 0
ℹ duration_ms 96.419917
