✔ zero-data catalog reuses every supported Health metric without fabricating values or a Quant bundle (10.125541ms)
✔ source catalog supports bilingual browsing, normalized search and no matches (0.148583ms)
✔ source and create-record entrances dispatch only existing navigation and OPEN intents (0.103ms)
✔ create-record entrance opens Today through the real pending intent bus, without recording anything (0.080208ms)
✔ workspace offers owner entrances with no model and excludes them from isolated samples (0.725208ms)
✔ real example loaders accept native window without browser location (35.894292ms)
✔ custom count validation rejects decimals, zero, exponent, negative and unsafe integers (0.170042ms)
✔ calendar rejects overflow dates and reversed ranges; supports leap day (0.109125ms)
✔ date projection uses local calendar day, including the supplied time zone (0.056583ms)
✔ capabilities never invent a line for a point-only contract (0.348208ms)
✔ custom ranges cannot manufacture OHLC; contract candles are exact values (0.49075ms)
✔ comparison rejects different unit and scale without normalization (0.067291ms)
✔ HRV measurement methods cannot share a scale despite matching units (0.047291ms)
✔ last-N comparison uses primary timestamps, not independently selected points (0.140166ms)
✔ empty primary range cannot accidentally show comparison history (0.158916ms)
✔ analysis must match bundle ID, as-of and owner/example provenance (6.301708ms)
✔ service failure retains a successful snapshot and explicitly marks failure (0.132791ms)
✔ native chart keeps original observations, and absent references stay null (0.246833ms)
✔ events use the selected interval, never all history in a custom empty range (0.04875ms)
✔ WebView message parser rejects malformed / writable / nonfinite events (0.084917ms)
✔ selection is outside the canvas and preserves zero instead of replacing it (4.400625ms)
✔ every local label has Chinese and English text (0.108875ms)
✔ unconfigured account, sign-in, context change and runtime failure are distinct from no data (0.075458ms)
✔ literal renderer is self-contained across the Hermes/WebView boundary and zoom is bounded (1.079834ms)
✔ crosshair deduplicates identical bridge messages but preserves changed values and redraws (0.727666ms)
✔ events between readings anchor to the nearest existing X without fabricating readings (0.475667ms)
✔ event markers never pull past or future events into the plotted interval (0.77225ms)
✔ candle events anchor only to existing candle X positions and stay within their bounds (0.402541ms)
ℹ tests 28
ℹ suites 0
ℹ pass 28
ℹ fail 0
ℹ cancelled 0
ℹ skipped 0
ℹ todo 0
ℹ duration_ms 149.258584
✔ zero-data catalog reuses every supported Health metric without fabricating values or a Quant bundle (10.541292ms)
✔ source catalog supports bilingual browsing, normalized search and no matches (0.153583ms)
✔ source and create-record entrances dispatch only existing navigation and OPEN intents (0.104667ms)
✔ create-record entrance opens Today through the real pending intent bus, without recording anything (0.077292ms)
✔ workspace offers owner entrances with no model and excludes them from isolated samples (0.254541ms)
✔ real example loaders accept native window without browser location (35.599708ms)
✔ custom count validation rejects decimals, zero, exponent, negative and unsafe integers (0.163875ms)
✔ calendar rejects overflow dates and reversed ranges; supports leap day (0.10625ms)
✔ date projection uses local calendar day, including the supplied time zone (0.056041ms)
✔ capabilities never invent a line for a point-only contract (0.302875ms)
✔ custom ranges cannot manufacture OHLC; contract candles are exact values (0.524791ms)
✔ comparison rejects different unit and scale without normalization (0.065334ms)
✔ HRV measurement methods cannot share a scale despite matching units (0.04375ms)
✔ last-N comparison uses primary timestamps, not independently selected points (0.14025ms)
✔ empty primary range cannot accidentally show comparison history (0.158167ms)
✔ analysis must match bundle ID, as-of and owner/example provenance (7.906667ms)
✔ service failure retains a successful snapshot and explicitly marks failure (0.163542ms)
✔ native chart keeps original observations, and absent references stay null (0.224083ms)
✔ events use the selected interval, never all history in a custom empty range (0.055125ms)
✔ WebView message parser rejects malformed / writable / nonfinite events (0.086584ms)
✔ selection is outside the canvas and preserves zero instead of replacing it (2.287334ms)
✔ every local label has Chinese and English text (0.110583ms)
✔ unconfigured account, sign-in, context change and runtime failure are distinct from no data (0.078ms)
✔ literal renderer is self-contained across the Hermes/WebView boundary and zoom is bounded (1.030209ms)
✔ crosshair deduplicates identical bridge messages but preserves changed values and redraws (0.715792ms)
✔ events between readings anchor to the nearest existing X without fabricating readings (0.495333ms)
✔ event markers never pull past or future events into the plotted interval (0.753542ms)
✔ candle events anchor only to existing candle X positions and stay within their bounds (0.362708ms)
ℹ tests 28
ℹ suites 0
ℹ pass 28
ℹ fail 0
ℹ cancelled 0
ℹ skipped 0
ℹ todo 0
ℹ duration_ms 143.111375
