react-test-renderer is deprecated. See https://react.dev/warnings/react-test-renderer
✔ material policy is fail-closed and never blurs nested/evidence/Android surfaces (75.869792ms)
react-test-renderer is deprecated. See https://react.dev/warnings/react-test-renderer
✔ supported iOS (34.316625ms)
react-test-renderer is deprecated. See https://react.dev/warnings/react-test-renderer
✔ old iOS (36.469458ms)
react-test-renderer is deprecated. See https://react.dev/warnings/react-test-renderer
✔ iOS beta without API (21.173917ms)
react-test-renderer is deprecated. See https://react.dev/warnings/react-test-renderer
✔ compiler compatibility mode (21.860333ms)
react-test-renderer is deprecated. See https://react.dev/warnings/react-test-renderer
✔ old binary with no native registration (18.98375ms)
react-test-renderer is deprecated. See https://react.dev/warnings/react-test-renderer
✔ native import error (22.997208ms)
react-test-renderer is deprecated. See https://react.dev/warnings/react-test-renderer
✔ Android (16.2705ms)
react-test-renderer is deprecated. See https://react.dev/warnings/react-test-renderer
✔ unknown version (18.577666ms)
react-test-renderer is deprecated. See https://react.dev/warnings/react-test-renderer
✔ reduced transparency (22.888917ms)
react-test-renderer is deprecated. See https://react.dev/warnings/react-test-renderer
react-test-renderer is deprecated. See https://react.dev/warnings/react-test-renderer
✔ both palettes use theme-derived native gradients; Glass honors app appearance (32.843ms)
react-test-renderer is deprecated. See https://react.dev/warnings/react-test-renderer
✔ nested materials have at most one blur/glass layer; sheets have none (23.109ms)
react-test-renderer is deprecated. See https://react.dev/warnings/react-test-renderer
✔ live accessibility changes remove transparency and interactive glass without remounting (16.35225ms)
react-test-renderer is deprecated. See https://react.dev/warnings/react-test-renderer
✔ shared native listeners, stale query protection and foreground refresh (15.938042ms)
react-test-renderer is deprecated. See https://react.dev/warnings/react-test-renderer
✔ rejected native preference queries preserve opaque/static defaults (21.1275ms)
react-test-renderer is deprecated. See https://react.dev/warnings/react-test-renderer
✔ explicit reduced motion/fallback props are respected (16.067667ms)
react-test-renderer is deprecated. See https://react.dev/warnings/react-test-renderer
react-test-renderer is deprecated. See https://react.dev/warnings/react-test-renderer
react-test-renderer is deprecated. See https://react.dev/warnings/react-test-renderer
react-test-renderer is deprecated. See https://react.dev/warnings/react-test-renderer
✔ categorical chips preserve checkbox/radio/button semantics and disabled state (15.144042ms)
react-test-renderer is deprecated. See https://react.dev/warnings/react-test-renderer
react-test-renderer is deprecated. See https://react.dev/warnings/react-test-renderer
react-test-renderer is deprecated. See https://react.dev/warnings/react-test-renderer
react-test-renderer is deprecated. See https://react.dev/warnings/react-test-renderer
react-test-renderer is deprecated. See https://react.dev/warnings/react-test-renderer
react-test-renderer is deprecated. See https://react.dev/warnings/react-test-renderer
react-test-renderer is deprecated. See https://react.dev/warnings/react-test-renderer
react-test-renderer is deprecated. See https://react.dev/warnings/react-test-renderer
react-test-renderer is deprecated. See https://react.dev/warnings/react-test-renderer
react-test-renderer is deprecated. See https://react.dev/warnings/react-test-renderer
✔ all native controls have allocated 44-point targets rather than overlapping hitSlop (21.044959ms)
react-test-renderer is deprecated. See https://react.dev/warnings/react-test-renderer
✔ selector columns shrink for narrow widths and large Dynamic Type (15.490084ms)
react-test-renderer is deprecated. See https://react.dev/warnings/react-test-renderer
✔ text field respects caller editability, placeholder, focus callbacks and status (14.890416ms)
react-test-renderer is deprecated. See https://react.dev/warnings/react-test-renderer
react-test-renderer is deprecated. See https://react.dev/warnings/react-test-renderer
✔ loading keeps button labels and prevents repeated activation (18.995125ms)
react-test-renderer is deprecated. See https://react.dev/warnings/react-test-renderer
✔ footer stacks large translated actions for Dynamic Type (23.035958ms)
react-test-renderer is deprecated. See https://react.dev/warnings/react-test-renderer
✔ ios sheet keyboard, safe-area, focus, dismissal and short-viewport fallback (17.266625ms)
react-test-renderer is deprecated. See https://react.dev/warnings/react-test-renderer
✔ android sheet keyboard, safe-area, focus, dismissal and short-viewport fallback (16.441667ms)
react-test-renderer is deprecated. See https://react.dev/warnings/react-test-renderer
✔ untitled forms focus the real close control without inventing a heading (16.234208ms)
react-test-renderer is deprecated. See https://react.dev/warnings/react-test-renderer
✔ focused inputs scroll within the real body viewport with reduced-motion support (18.421875ms)
react-test-renderer is deprecated. See https://react.dev/warnings/react-test-renderer
✔ keyboard compact mode preserves live form state and real footer callbacks (17.711292ms)
react-test-renderer is deprecated. See https://react.dev/warnings/react-test-renderer
✔ reopening a sheet does not reuse a dismissed scroll offset (17.459791ms)
react-test-renderer is deprecated. See https://react.dev/warnings/react-test-renderer
✔ existing production entry and Insights consumer reach the native sheet unchanged (27.417125ms)
react-test-renderer is deprecated. See https://react.dev/warnings/react-test-renderer
✔ native generic form adapter preserves children, footer, close override and visibility (44.576208ms)
react-test-renderer is deprecated. See https://react.dev/warnings/react-test-renderer
✔ generic native forms reuse existing language/theme choices and system reduced motion (84.556333ms)
ℹ tests 31
ℹ suites 0
ℹ pass 31
ℹ fail 0
ℹ cancelled 0
ℹ skipped 0
ℹ todo 0
ℹ duration_ms 904.258584
