✔ native chart preserves existing selected observations exactly (1.023ms)
✔ native candles are artifact values, not frontend OHLC (0.157625ms)
✔ native chart hides reference when not requested (0.110083ms)
✔ chart event rejects malformed and nonfinite data (0.077583ms)
✔ chart ready and selection are read-only typed messages (0.049792ms)
✔ repository is empty without writing a default record (1.01675ms)
✔ source repository survives restart (10.018833ms)
✔ serialized updates preserve both source mutations (0.609417ms)
✔ corrupt data fails closed and is not overwritten (0.16875ms)
✔ missing health measurement is not zero (0.060625ms)
✔ actual zero remains zero (0.123667ms)
✔ unsupported units are rejected (0.044167ms)
✔ distance conversion preserves source identity (0.10925ms)
✔ sleep seconds are converted, not interpreted as nightly sleep (0.210334ms)
✔ HRV methods remain separate constructs (0.135167ms)
✔ invalid and reversed event timestamps rejected (0.04825ms)
✔ unavailable timezone remains null (0.077208ms)
✔ record attribution and provenance retained (0.080917ms)
✔ idempotent imports replace matching ID, not duplicate (0.216666ms)
✔ separate platforms preserve identity (0.470917ms)
✔ negative and nonfinite values rejected (0.0305ms)
✔ permission denial never imports data (1.100375ms)
✔ unavailable health source fails without connection (0.104542ms)
✔ first sync reads seven days, next sync one-day overlap (0.6135ms)
✔ explicit resync reuses identity and seven-day window (0.887917ms)
✔ partial reads retain cursor and expose status (0.801375ms)
✔ no data is a successful empty import, not manufactured records (0.399792ms)
✔ failed sync retains previous source observations (0.918833ms)
✔ disconnected source no longer reads (0.644167ms)
✔ calendar read requires permission (0.23225ms)
✔ calendar create requires explicit consent (0.08875ms)
✔ read-only calendars cannot receive events (1.51875ms)
✔ create update delete affect exact owned event (2.725334ms)
✔ arbitrary external event cannot be modified even if ownership spoofed (0.091834ms)
✔ invalid end timestamp rejected before OS write (0.047833ms)
✔ calendar read dedupes stable event IDs (0.919625ms)
✔ failed intent persistence prevents any OS calendar mutation (0.093125ms)
✔ calendar source is ephemeral fixed compiler constraint (0.326625ms)
✔ notification schedule reschedule cancel through one service (0.128708ms)
✔ notification permission denial does not schedule (0.036208ms)
✔ invalid reschedule does not cancel an existing valid reminder (0.035167ms)
✔ foreign notification IDs cannot be cancelled (0.032ms)
✔ notification response validates source and action (0.043125ms)
✔ quick actions dispatch distinct existing callbacks once (0.069208ms)
✔ notifications are off by default (0.092375ms)
✔ enabled reminders use only explicit chosen kinds (0.09175ms)
✔ notification disable cancels persisted owned schedule (1.985542ms)
✔ suggestions are absent on empty owner data (0.0765ms)
✔ suggestions are bounded and ties deterministic (0.155791ms)
✔ future and orphan execution cannot promote suggestions (0.027958ms)
✔ suggestion produces existing structured confirmation with no measured defaults (0.048958ms)
✔ deleted suggested skill fails closed (0.017791ms)
✔ unchanged resync preserves first available time (0.143167ms)
✔ in-flight read cannot write after disconnect and reconnect (0.585708ms)
✔ skill reminder remains in canonical plan with daily semantics (0.056917ms)
✔ invalid daily schedule rejected before cancelling old reminder (0.044958ms)
✔ failed cancellation retains owned IDs for retry after restart (0.458333ms)
✔ calendar disconnect rejects stale in-flight writeback (0.295875ms)
✔ parsed capture history supplies recent action without inventing an execution (0.049292ms)
ℹ tests 59
ℹ suites 0
ℹ pass 59
ℹ fail 0
ℹ cancelled 0
ℹ skipped 0
ℹ todo 0
ℹ duration_ms 106.401958
