✔ custom activity baseline names no nonexistent skill (zh) (0.831458ms)
✔ custom activity baseline names no nonexistent skill (en) (0.094833ms)
✔ existing linked skill preserves its baseline wording (0.071167ms)
✔ backdated activity never compares against future or equal-time records (0.080292ms)
✔ chooses the latest strictly earlier comparable record (0.356708ms)
✔ missing or invalid metric stays unknown (null) (0.070292ms)
✔ missing or invalid metric stays unknown (undefined) (0.046792ms)
✔ missing or invalid metric stays unknown () (0.042417ms)
✔ missing or invalid metric stays unknown ( ) (0.052375ms)
✔ missing or invalid metric stays unknown (false) (0.082292ms)
✔ missing or invalid metric stays unknown (NaN) (0.045625ms)
✔ missing or invalid metric stays unknown (Infinity) (0.031042ms)
✔ numeric observations and existing strength comparison remain intact (0.109458ms)
ℹ tests 13
ℹ suites 0
ℹ pass 13
ℹ fail 0
ℹ cancelled 0
ℹ skipped 0
ℹ todo 0
ℹ duration_ms 181.401
