✔ two devices create, edit, delete and repeat tombstone (3.33875ms)
✔ offline mutation survives restart (0.312042ms)
✔ rejected head blocks later edits of the same entity but not other entities (0.551792ms)
✔ Unicode payload limits count UTF-8 bytes, not code units (1.961625ms)
✔ local replica clear requires signout and confirmation, preserves cloud, restores same account (0.450916ms)
✔ local replica clear never discards unsynced changes (0.088709ms)
✔ only public Supabase keys are accepted by client configuration (0.104166ms)
✔ explicit Calendar block export retains linkage and does not duplicate on retry (2.901625ms)
✔ Phase 1 Health import time uses stored first availability, never current time (9.395666ms)
{"health":10000,"initialMs":21.816332999999986,"updateMs":36.37933400000003,"changedBytes":85001,"wholeBlobBytes":11805561,"storage":"isolated memory KV, not device disk"}
{"count":1000,"localApplyMs":4.032375000000002,"hydrateMs":7.186249999999973,"push100Ms":7.1508329999999205,"incrementalMs":3.205082999999945,"transport":"in-memory deterministic","ownerWrites":0}
{"count":10000,"localApplyMs":37.09379200000001,"hydrateMs":329.87624999999935,"push100Ms":56.80341699999917,"incrementalMs":31.282750000000306,"transport":"in-memory deterministic","ownerWrites":0}
✔ expiry and sign-out invalidate an in-flight pull without writing remote data (2.187958ms)
✔ a local edit queued while remote apply finishes retains its observed base revision (1.034375ms)
✔ lost ACK retries immutable mutation without revision inflation (0.593208ms)
✔ lost ACK then another device edits does not skip the newer remote revision (0.302916ms)
✔ per entity create edit edit delete remains ordered (0.269125ms)
✔ concurrent local edit keeps payload in conflict; remote remains canonical (0.507541ms)
✔ first account merges disjoint and conflicts same id; no local loss (0.273041ms)
✔ first account identical rows dedupe without revision change (0.148542ms)
✔ account switch fails closed and signout keeps local data (0.13125ms)
✔ replay crash between journal and projection without duplicate outbox (0.085667ms)
✔ remote apply crash recovers cursor and projection together (0.1675ms)
✔ malformed remote payload quarantined without crashing hydration (0.372333ms)
✔ out of order remote response cannot advance cursor (0.186334ms)
✔ provenance firewall rejects nested synthetic and QA (0.040042ms)
✔ absent rows during retention are not deletions; explicit delete is (0.110541ms)
✔ remote projection idempotent and preserves settings (0.079083ms)
✔ Auth abstraction request verify restore signout, no token API (0.353541ms)
✔ Health requires auth and explicit consent; full provenance hydrates another client (0.72225ms)
✔ Health backlog is bounded; opt-out clears queued health but not cloud records (22.917916ms)
✔ explicit provider deletion queues a remote Health tombstone without inferring absence (1.117208ms)
✔ Health tombstone lost ACK survives restart with immutable mutation and no duplicate revision (0.490625ms)
✔ Health source metadata-only revisions upload even when measurement value is unchanged (1.708875ms)
✔ explicit Health deletion follows pending upsert and source-update child retirement stays exact (0.52725ms)
✔ explicit Health deletions respect auth, consent, owner isolation and bounded backlog (14.831583ms)
✔ Health deletion conflict remains explicit and is never silently requeued over remote winner (0.868833ms)
✔ 10k Health observations: one sample edit writes one bounded partition, no AppData (377.673583ms)
✔ provider Calendar identity dedupes only real provider IDs; title coincidence does not merge (0.112375ms)
✔ remote ScheduleBlock reschedules device effects and tombstone cancels (1.854125ms)
✔ scale 1000 / 10000 synthetic isolated clients, no owner storage (12990.109625ms)
ℹ tests 38
ℹ suites 0
ℹ pass 38
ℹ fail 0
ℹ cancelled 0
ℹ skipped 0
ℹ todo 0
ℹ duration_ms 13509.794209
