
> questlife@1.0.0 build
> expo export --platform web

Starting Metro Bundler
Web Bundled 632ms index.ts (1311 modules)

› Assets (11):
node_modules/@react-navigation/elements/lib/module/assets/back-icon-mask.0a328cd9c1afd0afe8e3b1ec5165b1b4.png (653 B)
node_modules/@react-navigation/elements/lib/module/assets/back-icon.35ba0eaec5a4f5ed12ca16fabeae451d.png (207 B)
node_modules/@react-navigation/elements/lib/module/assets/clear-icon.c94f6478e7ae0cdd9f15de1fcb9e5e55.png (4 variations | 425 B)
node_modules/@react-navigation/elements/lib/module/assets/close-icon.808e1b1b9b53114ec2838071a7e6daa7.png (4 variations | 235 B)
node_modules/@react-navigation/elements/lib/module/assets/search-icon.286d67d3f74808a60a78d3ebf1a5fb57.png (928 B)

› web bundles (36):
_expo/static/css/adaptive-decision-surface-d9d7f86e9804da9f5f7f26883ecf57f1.css (14.7 kB)
_expo/static/css/insights-v3-c8ad1786d07006a10a70fe24231fc9a8.css (33 kB)
_expo/static/css/personal-terminal-2069b8d7748b6c54c32d4ebedc8412d6.css (95.7 kB)
_expo/static/css/personal-terminal-workspace-b74e7cca97f14b522eb52e446b8d07e9.css (50.9 kB)
_expo/static/css/quant-terminal-f7a9b89554b504c1f7a1b063fe6a5bfc.css (11 kB)
_expo/static/css/theme-overrides-de918ffa78216cd85c89cd2f661df563.css (7.58 kB)
_expo/static/css/v11-components-b2e7432f43338f39e735c686df7401e7.css (4.23 kB)
_expo/static/css/v11-insights-606831aac854322cd0387f59dcbe67d6.css (19.3 kB)
_expo/static/css/v11-product-4990e6bd3452e4a07e684a55b209609e.css (12.7 kB)
_expo/static/css/v11-stage0-596d22bb56d0bb71d360000c9ffca011.css (7.62 kB)
_expo/static/css/v11-stage1-94574616d8c90677c741f4a3a2adf183.css (4.84 kB)
_expo/static/css/v11-stage2-rebaseline-6c62154b66e1190f5df8eaabd014eae0.css (52.9 kB)
_expo/static/js/web/driver_analysis_compact-7e26452f9f4fce2389d443cad82efd94.js (21.1 kB)
_expo/static/js/web/forming_history_analysis_v1-ad72a8850f77fe3a9e4e6fbf5a73d9f4.js (3.85 kB)
_expo/static/js/web/forming_history_full-903098f3ba3f921e8a90b769e0294aeb.js (11.5 kB)
_expo/static/js/web/goal_full-5a4817b80508a326b89497ab369d4514.js (27.3 kB)
_expo/static/js/web/index-739420c6b0dde38f93b28b066ce7537b.js (4.4 MB)
_expo/static/js/web/InsightsV3Screen-7e0e735d3036ebb719a83f24c6512074.js (121 kB)
_expo/static/js/web/lightweight-charts-dc552e17956b04fbe333bdb878069b60.js (201 kB)
_expo/static/js/web/mature_market_analysis_v1-e673d314d977e765f16a42cd838cdfc4.js (1.18 MB)
_expo/static/js/web/mature_market_compact-d56e1fd972b4d18ab6004564d0242ef0.js (93.5 kB)
_expo/static/js/web/mature_market_full-f05b560385a01b8edbb9c1114a701574.js (1.38 MB)
_expo/static/js/web/no_data_compact-e0aeca5b226a6fa3be7aca6bce3a5742.js (2.28 kB)
_expo/static/js/web/one_observation_analysis_v1-80155a0cafb9917ca7b61b5b68c972a1.js (2.57 kB)
_expo/static/js/web/one_observation_full-f63d57a13848d012140f4c0b0830b54c.js (8.33 kB)
_expo/static/js/web/recovery_compact-b5389231e70f69ff6b19ed4ea2872f03.js (21.1 kB)
_expo/static/js/web/recovery_full-588454a49ad0d44b7243df8a6fe27d8b.js (178 kB)
_expo/static/js/web/research_filtered_compact-d7e3beba32cb5f9f88493d44bafbc2b5.js (93.5 kB)
_expo/static/js/web/scenario_compact-4d7341707baa16f6bb99e1cc1d872728.js (21.1 kB)
_expo/static/js/web/scenario_full-a8e3b6b359dc56d45a594fe6cf688270.js (177 kB)
_expo/static/js/web/similar_periods_compact-730658d3fed0203d6f4d923029a50369.js (21.2 kB)
_expo/static/js/web/similar_periods_full-1f3a3eb7e12ca352ad4f12a92918f959.js (178 kB)
_expo/static/js/web/skill_full-3eee998c486243a76b8bd9b7c5aee03a.js (27.2 kB)
_expo/static/js/web/ten_observations_full-6830b66f053b6cfb326867a63373fc95.js (14.9 kB)
_expo/static/js/web/three_observations_full-8c51ceb260c932719ebf708306d49785.js (10.4 kB)
_expo/static/js/web/V11InsightsScreen-8291206efdb08a171746da43310033b9.js (17.9 MB)

› Files (3):
favicon.ico (14.5 kB)
index.html (3.75 kB)
metadata.json (49 B)

Exported: dist
