react-test-renderer is deprecated. See https://react.dev/warnings/react-test-renderer
react-test-renderer is deprecated. See https://react.dev/warnings/react-test-renderer
✔ android local clear uses native confirmation and existing scoped handler only (17.468541ms)
react-test-renderer is deprecated. See https://react.dev/warnings/react-test-renderer
✔ ios local clear uses native confirmation and existing scoped handler only (1.312875ms)
react-test-renderer is deprecated. See https://react.dev/warnings/react-test-renderer
✔ cancelling native clear never invokes the handler (1.17ms)
react-test-renderer is deprecated. See https://react.dev/warnings/react-test-renderer
✔ Web local clear uses browser confirmation, not a silent native alert (2.88825ms)
react-test-renderer is deprecated. See https://react.dev/warnings/react-test-renderer
react-test-renderer is deprecated. See https://react.dev/warnings/react-test-renderer
react-test-renderer is deprecated. See https://react.dev/warnings/react-test-renderer
✔ signed-in, unconfigured and unbound states do not expose local clear (3.062875ms)
react-test-renderer is deprecated. See https://react.dev/warnings/react-test-renderer
react-test-renderer is deprecated. See https://react.dev/warnings/react-test-renderer
✔ pending changes and unresolved conflicts disable local clear (2.655375ms)
react-test-renderer is deprecated. See https://react.dev/warnings/react-test-renderer
✔ failed local clear displays failure without signing out (2.356875ms)
✔ unsaved Store writes block replica clearing even before reaching the outbox (1.43925ms)
react-test-renderer is deprecated. See https://react.dev/warnings/react-test-renderer
react-test-renderer is deprecated. See https://react.dev/warnings/react-test-renderer
✔ backup shares a versioned file with exact record and account binding (138.493625ms)
react-test-renderer is deprecated. See https://react.dev/warnings/react-test-renderer
✔ first launch exposes recovery before Today can create a decision record (30.380958ms)
react-test-renderer is deprecated. See https://react.dev/warnings/react-test-renderer
✔ cancelled backup picker never restores (1.40175ms)
react-test-renderer is deprecated. See https://react.dev/warnings/react-test-renderer
✔ backup restore validates and requires separate confirmation (3.370667ms)
react-test-renderer is deprecated. See https://react.dev/warnings/react-test-renderer
✔ malformed backup does not reach confirmation or restore boundary (1.590333ms)
✔ calendar draft rejects blank, invalid, reversed and zero-length values (0.148084ms)
✔ schedule validation uses real local dates and bounded wall times (0.209958ms)
✔ conflicts exclude self, skipped, adjacent and other dates, including moved target day (0.085875ms)
✔ calendar status matches exact owned link/title/times, never cloud or external records (0.081875ms)
react-test-renderer is deprecated. See https://react.dev/warnings/react-test-renderer
✔ calendar editor disables invalid save and preserves draft metadata (19.3855ms)
react-test-renderer is deprecated. See https://react.dev/warnings/react-test-renderer
✔ calendar editor locks duplicate save and dismissal until write completes (1.877625ms)
react-test-renderer is deprecated. See https://react.dev/warnings/react-test-renderer
✔ calendar write failure keeps editor and entered title available for retry (1.574833ms)
react-test-renderer is deprecated. See https://react.dev/warnings/react-test-renderer
✔ native time field ignores Android cancellation and uses theme-aware iOS picker (1.154792ms)
react-test-renderer is deprecated. See https://react.dev/warnings/react-test-renderer
✔ native date display uses explicit Intl locale for zh (0.830125ms)
react-test-renderer is deprecated. See https://react.dev/warnings/react-test-renderer
✔ native time display uses explicit Intl locale for zh (0.479459ms)
react-test-renderer is deprecated. See https://react.dev/warnings/react-test-renderer
✔ native date display uses explicit Intl locale for en (0.352209ms)
react-test-renderer is deprecated. See https://react.dev/warnings/react-test-renderer
✔ native time display uses explicit Intl locale for en (0.536209ms)
react-test-renderer is deprecated. See https://react.dev/warnings/react-test-renderer
✔ shared time-picker adapter preserves clock props and en/cleanFocus preferences (2.702542ms)
react-test-renderer is deprecated. See https://react.dev/warnings/react-test-renderer
✔ shared time-picker adapter preserves clock props and zh/deepWork preferences (0.466416ms)
react-test-renderer is deprecated. See https://react.dev/warnings/react-test-renderer
✔ schedule calendar sheet has no automatic write and only writes chosen writable calendar (14.411583ms)
react-test-renderer is deprecated. See https://react.dev/warnings/react-test-renderer
✔ calendar sheet keeps failed writes retryable and never displays Saved (2.805458ms)
react-test-renderer is deprecated. See https://react.dev/warnings/react-test-renderer
✔ native skill library searches and opens the real edit form without navigating (22.955ms)
react-test-renderer is deprecated. See https://react.dev/warnings/react-test-renderer
✔ native Settings changes actual preference actions without a web Preferences route (31.26475ms)
react-test-renderer is deprecated. See https://react.dev/warnings/react-test-renderer
✔ native schedule opens native date/time fields, creates without execution, and confirms conflicts (63.358209ms)
react-test-renderer is deprecated. See https://react.dev/warnings/react-test-renderer
✔ native schedule edits preserve completion/source and deletion requires confirmation (16.790583ms)
react-test-renderer is deprecated. See https://react.dev/warnings/react-test-renderer
✔ remote schedule edit while editor is open refuses stale overwrite (15.373625ms)
react-test-renderer is deprecated. See https://react.dev/warnings/react-test-renderer
✔ web schedule retains canonical text entry and has no native calendar action (5.755167ms)
react-test-renderer is deprecated. See https://react.dev/warnings/react-test-renderer
✔ empty week reports zero planned hours rather than the chart minimum (4.026208ms)
react-test-renderer is deprecated. See https://react.dev/warnings/react-test-renderer
✔ week total sums only displayed dates and remains separate from plot scale (3.812333ms)
react-test-renderer is deprecated. See https://react.dev/warnings/react-test-renderer
✔ calendar permission denied exposes recovery without offering writes (1.331375ms)
react-test-renderer is deprecated. See https://react.dev/warnings/react-test-renderer
✔ Goal list exposes create, detail, library and confirmed deletion actions (7.435ms)
react-test-renderer is deprecated. See https://react.dev/warnings/react-test-renderer
✔ real Goal form creates and edits through canonical store actions (14.385083ms)
react-test-renderer is deprecated. See https://react.dev/warnings/react-test-renderer
✔ real Skill form creates module-linked skill and edits through canonical actions (24.210917ms)
react-test-renderer is deprecated. See https://react.dev/warnings/react-test-renderer
✔ Goal detail module CRUD and skill linking stay reachable (42.385625ms)
react-test-renderer is deprecated. See https://react.dev/warnings/react-test-renderer
✔ quiet hours enable, edit overnight hours, and disable using equal minutes (1.84825ms)
react-test-renderer is deprecated. See https://react.dev/warnings/react-test-renderer
✔ production push callback without remote ACK never claims registration or delivery (0.787541ms)
react-test-renderer is deprecated. See https://react.dev/warnings/react-test-renderer
✔ push requires a non-null real provider token and acknowledged registration (1.023833ms)
react-test-renderer is deprecated. See https://react.dev/warnings/react-test-renderer
✔ failed push registration never shows remote success (0.682292ms)
react-test-renderer is deprecated. See https://react.dev/warnings/react-test-renderer
✔ Settings passes the production registration callback and captures current account (3.2525ms)
react-test-renderer is deprecated. See https://react.dev/warnings/react-test-renderer
✔ push cannot register while signed out or reminders are disabled (0.525375ms)
react-test-renderer is deprecated. See https://react.dev/warnings/react-test-renderer
✔ account switch while OS token acquisition is pending never registers for B (0.654625ms)
react-test-renderer is deprecated. See https://react.dev/warnings/react-test-renderer
✔ late registration ACK is not displayed after account switch or logout (0.492834ms)
react-test-renderer is deprecated. See https://react.dev/warnings/react-test-renderer
✔ denied OS permission retires registration without requesting a push token (0.450708ms)
react-test-renderer is deprecated. See https://react.dev/warnings/react-test-renderer
✔ Settings reminder disable invokes retirement with no token (1.880625ms)
react-test-renderer is deprecated. See https://react.dev/warnings/react-test-renderer
✔ failed push retirement keeps reminders disabled and exposes a Settings error (2.12175ms)
react-test-renderer is deprecated. See https://react.dev/warnings/react-test-renderer
✔ module reorder preserves IDs and goal membership without replacing modules (1.216834ms)
react-test-renderer is deprecated. See https://react.dev/warnings/react-test-renderer
✔ native midnight picker keeps the day-end boundary reachable (0.548708ms)
react-test-renderer is deprecated. See https://react.dev/warnings/react-test-renderer
✔ moving a schedule to a future day confirms target-day conflicts and preserves identity (3.607166ms)
react-test-renderer is deprecated. See https://react.dev/warnings/react-test-renderer
✔ module reorder is scoped to its goal and preserves shared skill links (1.313542ms)
react-test-renderer is deprecated. See https://react.dev/warnings/react-test-renderer
✔ module skill opens detail and unlink requires confirmation without deleting the library record (0.656ms)
react-test-renderer is deprecated. See https://react.dev/warnings/react-test-renderer
✔ native Settings explicitly exports a JSON file with recovery and clear limits (1.4925ms)
react-test-renderer is deprecated. See https://react.dev/warnings/react-test-renderer
✔ cancelled native export confirmation does not share or alter records (0.382917ms)
react-test-renderer is deprecated. See https://react.dev/warnings/react-test-renderer
✔ native share-sheet return and failure never claim a destination saved the file (0.611583ms)
react-test-renderer is deprecated. See https://react.dev/warnings/react-test-renderer
✔ native export blocks duplicate shares and stays disabled while awaiting the OS (0.436625ms)
react-test-renderer is deprecated. See https://react.dev/warnings/react-test-renderer
✔ native record actions never invoke a browser downloader and block unsupported platforms or hydration (0.360334ms)
react-test-renderer is deprecated. See https://react.dev/warnings/react-test-renderer
✔ longitudinal export shares only a short file URI while retaining complete multi-megabyte JSON (2.802ms)
react-test-renderer is deprecated. See https://react.dev/warnings/react-test-renderer
✔ unavailable file sharing creates no temporary file and reports its platform limitation (0.382ms)
react-test-renderer is deprecated. See https://react.dev/warnings/react-test-renderer
✔ failed JSON write removes only its partial temporary export and never invokes sharing (0.843542ms)
react-test-renderer is deprecated. See https://react.dev/warnings/react-test-renderer
✔ export prunes only old owned JSON cache files and retains the URI after sharing (0.742125ms)
react-test-renderer is deprecated. See https://react.dev/warnings/react-test-renderer
✔ native recovery entry opens the existing Account and Sync surface without a data write (0.444125ms)
react-test-renderer is deprecated. See https://react.dev/warnings/react-test-renderer
✔ calendar sheet uses durable status and separates current app plan from confirmed device write (0.843625ms)
react-test-renderer is deprecated. See https://react.dev/warnings/react-test-renderer
✔ calendar pending can retry only the explicit confirmed operation (1.371542ms)
react-test-renderer is deprecated. See https://react.dev/warnings/react-test-renderer
✔ calendar retry can retry only the explicit confirmed operation (0.758166ms)
react-test-renderer is deprecated. See https://react.dev/warnings/react-test-renderer
✔ calendar ambiguous never silently recreates the OS event (0.627375ms)
react-test-renderer is deprecated. See https://react.dev/warnings/react-test-renderer
✔ calendar inactive never silently recreates the OS event (0.622542ms)
react-test-renderer is deprecated. See https://react.dev/warnings/react-test-renderer
✔ received plan changes refresh calendar status without writing and invalidate open confirmation (1.015334ms)
react-test-renderer is deprecated. See https://react.dev/warnings/react-test-renderer
✔ retry rechecks operation identity and surfaces failure instead of claiming convergence (1.24325ms)
✔ pending calendar deletion has its own destructive retry confirmation (0.674958ms)
react-test-renderer is deprecated. See https://react.dev/warnings/react-test-renderer
react-test-renderer is deprecated. See https://react.dev/warnings/react-test-renderer
✔ Settings en shows build version and truthful browser/account/source boundaries (8.95775ms)
react-test-renderer is deprecated. See https://react.dev/warnings/react-test-renderer
✔ Settings zh shows build version and truthful browser/account/source boundaries (1.395334ms)
react-test-renderer is deprecated. See https://react.dev/warnings/react-test-renderer
✔ missing build version is reported as unavailable rather than v0.2 (1.060041ms)
react-test-renderer is deprecated. See https://react.dev/warnings/react-test-renderer
✔ cancelled local export does not read storage, download or change records (1.372542ms)
react-test-renderer is deprecated. See https://react.dev/warnings/react-test-renderer
✔ confirmed export uses the existing downloader and contains exactly current app records (3.6105ms)
react-test-renderer is deprecated. See https://react.dev/warnings/react-test-renderer
✔ unavailable or failing download reports failure without claiming success (2.472875ms)
react-test-renderer is deprecated. See https://react.dev/warnings/react-test-renderer
✔ export cannot run during hydration (1.047292ms)
✔ native Preferences does not expose a browser download or mislabel native sources unavailable (1.200584ms)
ℹ tests 84
ℹ suites 0
ℹ pass 84
ℹ fail 0
ℹ cancelled 0
ℹ skipped 0
ℹ todo 0
ℹ duration_ms 679.949709
