--------- beginning of crash
09-12 23:43:01.648  8060  8060 E AndroidRuntime: FATAL EXCEPTION: main
09-12 23:43:01.648  8060  8060 E AndroidRuntime: PID: 8060
09-12 23:43:01.648  8060  8060 E AndroidRuntime: java.lang.IllegalStateException: UiAutomationService android.accessibilityservice.IAccessibilityServiceClient$Stub$Proxy@9a94bb3already registered!
09-12 23:43:01.648  8060  8060 E AndroidRuntime: 	at android.os.Parcel.createExceptionOrNull(Parcel.java:3348)
09-12 23:43:01.648  8060  8060 E AndroidRuntime: 	at android.os.Parcel.createException(Parcel.java:3324)
09-12 23:43:01.648  8060  8060 E AndroidRuntime: 	at android.os.Parcel.readException(Parcel.java:3307)
09-12 23:43:01.648  8060  8060 E AndroidRuntime: 	at android.os.Parcel.readException(Parcel.java:3249)
09-12 23:43:01.648  8060  8060 E AndroidRuntime: 	at android.view.accessibility.IAccessibilityManager$Stub$Proxy.registerUiTestAutomationService(IAccessibilityManager.java:1154)
09-12 23:43:01.648  8060  8060 E AndroidRuntime: 	at android.app.UiAutomationConnection.registerUiTestAutomationServiceLocked(UiAutomationConnection.java:688)
09-12 23:43:01.648  8060  8060 E AndroidRuntime: 	at android.app.UiAutomationConnection.connect(UiAutomationConnection.java:117)
09-12 23:43:01.648  8060  8060 E AndroidRuntime: 	at android.app.UiAutomation.connectWithTimeout(UiAutomation.java:386)
09-12 23:43:01.648  8060  8060 E AndroidRuntime: 	at android.app.UiAutomation.connect(UiAutomation.java:331)
09-12 23:43:01.648  8060  8060 E AndroidRuntime: 	at com.android.uiautomator.core.UiAutomationShellWrapper.connect(UiAutomationShellWrapper.java:36)
09-12 23:43:01.648  8060  8060 E AndroidRuntime: 	at com.android.commands.uiautomator.DumpCommand.run(DumpCommand.java:78)
09-12 23:43:01.648  8060  8060 E AndroidRuntime: 	at com.android.commands.uiautomator.Launcher.main(Launcher.java:83)
09-12 23:43:01.648  8060  8060 E AndroidRuntime: 	at com.android.internal.os.RuntimeInit.nativeFinishInit(Native Method)
09-12 23:43:01.648  8060  8060 E AndroidRuntime: 	at com.android.internal.os.RuntimeInit.main(RuntimeInit.java:371)
09-12 23:43:01.648  8060  8060 E AndroidRuntime: Caused by: android.os.RemoteException: Remote stack trace:
09-12 23:43:01.648  8060  8060 E AndroidRuntime: 	at com.android.server.accessibility.UiAutomationManager.registerUiTestAutomationServiceLocked(UiAutomationManager.java:109)
09-12 23:43:01.648  8060  8060 E AndroidRuntime: 	at com.android.server.accessibility.AccessibilityManagerService.registerUiTestAutomationService(AccessibilityManagerService.java:1643)
09-12 23:43:01.648  8060  8060 E AndroidRuntime: 	at android.view.accessibility.IAccessibilityManager$Stub.onTransact(IAccessibilityManager.java:571)
09-12 23:43:01.648  8060  8060 E AndroidRuntime: 	at android.os.Binder.execTransactInternal(Binder.java:1421)
09-12 23:43:01.648  8060  8060 E AndroidRuntime: 	at android.os.Binder.execTransact(Binder.java:1365)
09-12 23:43:01.648  8060  8060 E AndroidRuntime:
09-12 23:43:01.654  8060  8060 E AndroidRuntime: Couldn't report crash. Here's the crash:
09-12 23:43:01.654  8060  8060 E AndroidRuntime: java.lang.IllegalStateException: UiAutomationService android.accessibilityservice.IAccessibilityServiceClient$Stub$Proxy@9a94bb3already registered!
09-12 23:43:01.654  8060  8060 E AndroidRuntime: 	at android.os.Parcel.createExceptionOrNull(Parcel.java:3348)
09-12 23:43:01.654  8060  8060 E AndroidRuntime: 	at android.os.Parcel.createException(Parcel.java:3324)
09-12 23:43:01.654  8060  8060 E AndroidRuntime: 	at android.os.Parcel.readException(Parcel.java:3307)
09-12 23:43:01.654  8060  8060 E AndroidRuntime: 	at android.os.Parcel.readException(Parcel.java:3249)
09-12 23:43:01.654  8060  8060 E AndroidRuntime: 	at android.view.accessibility.IAccessibilityManager$Stub$Proxy.registerUiTestAutomationService(IAccessibilityManager.java:1154)
09-12 23:43:01.654  8060  8060 E AndroidRuntime: 	at android.app.UiAutomationConnection.registerUiTestAutomationServiceLocked(UiAutomationConnection.java:688)
09-12 23:43:01.654  8060  8060 E AndroidRuntime: 	at android.app.UiAutomationConnection.connect(UiAutomationConnection.java:117)
09-12 23:43:01.654  8060  8060 E AndroidRuntime: 	at android.app.UiAutomation.connectWithTimeout(UiAutomation.java:386)
09-12 23:43:01.654  8060  8060 E AndroidRuntime: 	at android.app.UiAutomation.connect(UiAutomation.java:331)
09-12 23:43:01.654  8060  8060 E AndroidRuntime: 	at com.android.uiautomator.core.UiAutomationShellWrapper.connect(UiAutomationShellWrapper.java:36)
09-12 23:43:01.654  8060  8060 E AndroidRuntime: 	at com.android.commands.uiautomator.DumpCommand.run(DumpCommand.java:78)
09-12 23:43:01.654  8060  8060 E AndroidRuntime: 	at com.android.commands.uiautomator.Launcher.main(Launcher.java:83)
09-12 23:43:01.654  8060  8060 E AndroidRuntime: 	at com.android.internal.os.RuntimeInit.nativeFinishInit(Native Method)
09-12 23:43:01.654  8060  8060 E AndroidRuntime: 	at com.android.internal.os.RuntimeInit.main(RuntimeInit.java:371)
09-12 23:43:01.654  8060  8060 E AndroidRuntime: Caused by: android.os.RemoteException: Remote stack trace:
09-12 23:43:01.654  8060  8060 E AndroidRuntime: 	at com.android.server.accessibility.UiAutomationManager.registerUiTestAutomationServiceLocked(UiAutomationManager.java:109)
09-12 23:43:01.654  8060  8060 E AndroidRuntime: 	at com.android.server.accessibility.AccessibilityManagerService.registerUiTestAutomationService(AccessibilityManagerService.java:1643)
09-12 23:43:01.654  8060  8060 E AndroidRuntime: 	at android.view.accessibility.IAccessibilityManager$Stub.onTransact(IAccessibilityManager.java:571)
09-12 23:43:01.654  8060  8060 E AndroidRuntime: 	at android.os.Binder.execTransactInternal(Binder.java:1421)
09-12 23:43:01.654  8060  8060 E AndroidRuntime: 	at android.os.Binder.execTransact(Binder.java:1365)
09-12 23:43:01.654  8060  8060 E AndroidRuntime:
09-12 23:43:01.762  8060  8060 E AndroidRuntime: Error reporting crash. Here's the error:
09-12 23:43:01.762  8060  8060 E AndroidRuntime: java.lang.RuntimeException: Bad file descriptor
09-12 23:43:01.762  8060  8060 E AndroidRuntime: 	at android.os.BinderProxy.transactNative(Native Method)
09-12 23:43:01.762  8060  8060 E AndroidRuntime: 	at android.os.BinderProxy.transact(BinderProxy.java:592)
09-12 23:43:01.762  8060  8060 E AndroidRuntime: 	at android.app.IActivityManager$Stub$Proxy.handleApplicationCrash(IActivityManager.java:6016)
09-12 23:43:01.762  8060  8060 E AndroidRuntime: 	at com.android.internal.os.RuntimeInit$KillApplicationHandler.uncaughtException(RuntimeInit.java:170)
09-12 23:43:01.762  8060  8060 E AndroidRuntime: 	at java.lang.ThreadGroup.uncaughtException(ThreadGroup.java:1071)
09-12 23:43:01.762  8060  8060 E AndroidRuntime: 	at java.lang.ThreadGroup.uncaughtException(ThreadGroup.java:1066)
09-12 23:43:01.762  8060  8060 E AndroidRuntime: 	at java.lang.Thread.dispatchUncaughtException(Thread.java:2442)
