
> questlife@1.0.0 build
> expo export --platform web

Starting Metro Bundler
| (node:31000) Warning: The 'NO_COLOR' env is ignored due to the 'FORCE_COLOR' env being set.
| (Use `node --trace-warnings ...` to show where the warning was created)
Web Bundled 678ms index.ts (1190 modules)

› Assets (11):
node_modules/@react-navigation/elements/lib/module/assets/back-icon-mask.0a328cd9c1afd0afe8e3b1ec5165b1b4.png (653 B)
node_modules/@react-navigation/elements/lib/module/assets/back-icon.35ba0eaec5a4f5ed12ca16fabeae451d.png (207 B)
node_modules/@react-navigation/elements/lib/module/assets/clear-icon.c94f6478e7ae0cdd9f15de1fcb9e5e55.png (4 variations | 425 B)
node_modules/@react-navigation/elements/lib/module/assets/close-icon.808e1b1b9b53114ec2838071a7e6daa7.png (4 variations | 235 B)
node_modules/@react-navigation/elements/lib/module/assets/search-icon.286d67d3f74808a60a78d3ebf1a5fb57.png (928 B)

› web bundles (34):
_expo/static/css/adaptive-decision-surface-d9d7f86e9804da9f5f7f26883ecf57f1.css (14.7 kB)
_expo/static/css/insights-v3-c8ad1786d07006a10a70fe24231fc9a8.css (33 kB)
_expo/static/css/personal-terminal-2069b8d7748b6c54c32d4ebedc8412d6.css (95.7 kB)
_expo/static/css/personal-terminal-workspace-b74e7cca97f14b522eb52e446b8d07e9.css (50.9 kB)
_expo/static/css/quant-terminal-f7a9b89554b504c1f7a1b063fe6a5bfc.css (11 kB)
_expo/static/css/theme-overrides-de918ffa78216cd85c89cd2f661df563.css (7.58 kB)
_expo/static/css/v11-components-b2e7432f43338f39e735c686df7401e7.css (4.23 kB)
_expo/static/css/v11-insights-606831aac854322cd0387f59dcbe67d6.css (19.3 kB)
_expo/static/css/v11-product-4990e6bd3452e4a07e684a55b209609e.css (12.7 kB)
_expo/static/css/v11-stage0-596d22bb56d0bb71d360000c9ffca011.css (7.62 kB)
_expo/static/css/v11-stage1-94574616d8c90677c741f4a3a2adf183.css (4.84 kB)
_expo/static/js/web/driver_analysis_compact-df6db5cf2e7c30822a00dd5256b5eefa.js (21.1 kB)
_expo/static/js/web/forming_history_analysis_v1-309534fce9f1dd4b622d801be104cc0b.js (3.85 kB)
_expo/static/js/web/forming_history_full-a9a46c89bfba1302f36c0f301f2a86f5.js (11.5 kB)
_expo/static/js/web/goal_full-54718c7ff96c01292fd25c024a9e31c1.js (27.3 kB)
_expo/static/js/web/index-743030b663af2c5cf3960fbc8ce09b30.js (21.5 MB)
_expo/static/js/web/InsightsV3Screen-94893df94a1e4103272dca9dd6f277e5.js (121 kB)
_expo/static/js/web/lightweight-charts-283450f77872e65c499fe1904d0f5c85.js (201 kB)
_expo/static/js/web/mature_market_analysis_v1-4c576a471db0d47e921dfb7ea89f84f7.js (1.18 MB)
_expo/static/js/web/mature_market_compact-d140a2b55684dc1500b96e68232b0d7c.js (93.5 kB)
_expo/static/js/web/mature_market_full-9e4beb422109f94d74ced93e221fa26d.js (1.38 MB)
_expo/static/js/web/no_data_compact-cefbfe662c61d9ac6101ecaed0ff02fb.js (2.28 kB)
_expo/static/js/web/one_observation_analysis_v1-6f8ea31cc0dc898c73fa0bb5d4ee05f7.js (2.57 kB)
_expo/static/js/web/one_observation_full-fb0170c34441379f144855c19aac577f.js (8.33 kB)
_expo/static/js/web/recovery_compact-5efb90c54d60a1a589c3108c48e0e247.js (21.1 kB)
_expo/static/js/web/recovery_full-1951d0cb3a04b018a1336a3d9fbd6ec5.js (178 kB)
_expo/static/js/web/research_filtered_compact-1d87d3f875d8f8c7db1fb33010d42afa.js (93.5 kB)
_expo/static/js/web/scenario_compact-78b61cc35eae4a30eb4948bec326e2ba.js (21.1 kB)
_expo/static/js/web/scenario_full-7e18fe74193487463ea0828e74453689.js (177 kB)
_expo/static/js/web/similar_periods_compact-f31f3ef55d14729a8bee85bab15b064b.js (21.2 kB)
_expo/static/js/web/similar_periods_full-9263a5ca73d56a74b5d9e059534591a9.js (178 kB)
_expo/static/js/web/skill_full-c8a003e209df743cc41735c76ed8d50d.js (27.2 kB)
_expo/static/js/web/ten_observations_full-ca14d443dd7652bca747bd0589d6801c.js (14.9 kB)
_expo/static/js/web/three_observations_full-0210fad07476ced9aa7c776d7053f04a.js (10.4 kB)

› Files (3):
favicon.ico (14.5 kB)
index.html (3.53 kB)
metadata.json (49 B)

Exported: dist
